; custom.map - student starter
; Dungeon Star II - Raycasting Walkaround
; One 31 x 31 floor. See MAP_AUTHORING.md.

[FLOOR 1]
###############################
###############################
###############################
###2222222222223222222222222###
###2...........3...........2###
###2...........3...........2###
###2...........3...........2###
###2...E.......3...........2###
###2...........D...........2###
###2...........3......6....2###
###2....5......3...........2###
###2...........3...........2###
###2...........3...........2###
###2.......................2###
###2.......................2###
###4444D444........1444D4444###
###2.......................2###
###2.......................2###
###2...........3...........2###
###2...........3...........2###
###2...........3...........2###
###2...........3...........2###
###2.....6.....D......5....2###
###2...........3...........2###
###2...........3...........2###
###2...........3...........2###
###2...........3...........2###
###2222222222223222222222222###
###############################
###############################
###############################
