; default.map - rooms and corridors
; Dungeon Star II - Raycasting Walkaround
; One 31 x 31 floor. See MAP_AUTHORING.md.

[FLOOR 1]
###############################
###############################
##111111111#2222222222#333333##
##1.......1#2........2#3....3##
##1.E.....1#2........2#3....3##
##1.......D..........D......3##
##1.......1#2........2#3....3##
##1.......1#2........2#3....3##
##1.........D........2#3....3##
##1111D111.#2........2#33O333##
######.###.#2222D22222###.#####
######.###.#####.########...###
##4444.444.44#55.555555555#.###
##4.........4#5..........5#.###
##4.........4#5..........D..###
##4.........4#5..........5#####
##4...6.....D.....3......5#####
##4.........4#5..........5#####
##4.....6...4#5......3...5#####
##4.........4#5..........5#####
##4.........4#5..........5#####
##44444D44444#5..........5#####
#######.######555555D55555#####
#######.############.##########
####666.6666666#####.##########
####6.........6##222.22222222##
####6.........D.............2##
####6.........6##2..........2##
####66666666666##222222222222##
###############################
###############################
