; custom.map - student starter
; Platform Quest - one side-scrolling level
; 120 columns x 15 rows. See MAP_AUTHORING.md.

[LEVEL 1]
........................................................................................................................
........................................................................................................................
........................................................................................................................
........................................................................................................................
........................................................................................................................
........................................................................................................................
........................................................................................................................
..........................................................................C.C.?B........................................
................................C.C?B?...................................===========....................................
...............................===========.......................................................C.C?B..................
.............C.C?B?......................................C.C?B..................................===========.............
............===========.................................===========.....................................................
........................................................................................................................
...S.......................E...............^^........................E..............^^.......................E.....G....
################################################...#####################################...#############################
