; sample-switchbacks.map - long-turn dungeon
; Dungeon Star I student-editable map
; Exactly three 31 x 31 floors. See MAP_AUTHORING.md.

[FLOOR 1]
###############################
###############################
###############################
###############################
###############################
#####.....D.........D.....#####
###############.#########.#####
###############.#########.#####
###############.#########.#####
###############.#########.#####
###############S#########D#####
###############.#########.#####
###############.#########.#####
###############.#########.#####
###############.#########.#####
#####.....D...............#####
#####.#########.###############
#####.#########.###############
#####.#########.###############
#####.#########.###############
#####.#########.###############
#####.#########.###############
#####.#########.###############
#####.#########.###############
#####.#########.###############
#####.....D..............V#####
###############################
###############################
###############################
###############################
###############################

[FLOOR 2]
###############################
###############################
###############################
###############################
###############################
#####U#########.....D.....#####
#####.#########.#########.#####
#####.#########.#########.#####
#####.#########.#########.#####
#####.#########.#########.#####
#####D#########.#########D#####
#####.#########.#########.#####
#####.#########.#########.#####
#####.#########.#########.#####
#####.#########.#########.#####
#####.....D.....#########.#####
#####.#########.#########.#####
#####.#########.#########.#####
#####.#########.#########.#####
#####.#########.#########.#####
#####.#########.#########.#####
#####.#########.#########.#####
#####.#########.#########.#####
#####.#########.#########.#####
#####.#########.#########.#####
#####V..............D.....#####
###############################
###############################
###############################
###############################
###############################

[FLOOR 3]
###############################
###############################
###############################
###############################
###############################
#####U....D...............#####
###############.#########.#####
###############.#########.#####
###############.#########.#####
###############.#########.#####
###############D#########.#####
###############.#########.#####
###############.#########.#####
###############.#########.#####
###############.#########.#####
#####...............D.....#####
#####.#########.###############
#####.#########.###############
#####.#########.###############
#####.#########.###############
#####D#########.###############
#####.#########.###############
#####.#########.###############
#####.#########.###############
#####.#########.###############
#####...............D.....#####
###############################
###############################
###############################
###############################
###############################
